2026-04-22 17:16:06,861 [INFO] ==================================================
2026-04-22 17:16:06,861 [INFO] 开始抓取  2026-04-22 17:16:06.861306
2026-04-22 17:16:06,861 [INFO] ==================================================
2026-04-22 17:16:06,861 [INFO] → 抓取 gaswizard.ca ...
2026-04-22 17:16:09,650 [INFO]   GasWizard [tomorrow] 2026-04-23: 普通=167.9(None¢) 高级=197.9 柴油=196.9
2026-04-22 17:16:09,657 [INFO]   GasWizard [today] 2026-04-22: 普通=167.9(None¢) 高级=197.9 柴油=186.9
2026-04-22 17:16:09,657 [INFO]   GasWizard 完成
2026-04-22 17:16:09,657 [INFO] → 抓取 stockr.net ...
2026-04-22 17:16:09,658 [INFO]   尝试 URL: https://www.stockr.net/Toronto/GasPrice.aspx
2026-04-22 17:16:14,260 [INFO]   成功: https://www.stockr.net/Toronto/GasPrice.aspx
2026-04-22 17:16:14,261 [INFO]   Stockr today: 167.9 (2026-04-22)
2026-04-22 17:16:14,273 [INFO]   Stockr tomorrow: 167.9 (2026-04-23)
2026-04-22 17:16:14,273 [INFO]   Stockr 完成
2026-04-22 17:16:14,276 [INFO] → 抓取 toronto.citynews.ca ...
2026-04-22 17:16:14,276 [INFO]   先访问首页以获取 Cloudflare cookie ...
2026-04-22 17:16:25,451 [INFO]   CityNews: 预测4.23日均价167.9 cent(s)/litre，维持不变
2026-04-22 17:16:25,591 [INFO]   CityNews 历史记录已存: 22 条
2026-04-22 17:16:25,591 [INFO]   CityNews 完成
2026-04-22 17:16:25,600 [INFO] 全部完成。数据已存入 F:\alec\Downloads\AI Projects\Gaswise\gas_prices.csv
2026-05-12 19:02:46,233 [INFO] ==================================================
2026-05-12 19:02:46,233 [INFO] 开始抓取  2026-05-12 19:02:46.233913
2026-05-12 19:02:46,234 [INFO] ==================================================
2026-05-12 19:02:46,234 [INFO] → 抓取 gaswizard.ca ...
2026-05-12 19:02:47,227 [INFO]   GasWizard OK: https://gaswizard.trustyalec.workers.dev (107922b)
2026-05-12 19:02:47,227 [INFO]   GasWizard 找到 2 个 li
2026-05-12 19:02:47,247 [INFO]   油品: regular, 价格: '190.9 (+3Â¢)'
2026-05-12 19:02:47,248 [INFO]   油品: premium, 价格: '220.9 (+3Â¢)'
2026-05-12 19:02:47,248 [INFO]   油品: diesel, 价格: '207.9 (+3Â¢)'
2026-05-12 19:02:47,250 [INFO]   GasWizard [tomorrow] 2026-05-13: 普通=190.9(+3¢)
2026-05-12 19:02:47,251 [INFO]   油品: regular, 价格: '187.9 (n/c)'
2026-05-12 19:02:47,251 [INFO]   油品: premium, 价格: '217.9 (n/c)'
2026-05-12 19:02:47,251 [INFO]   油品: diesel, 价格: '204.9 (n/c)'
2026-05-12 19:02:47,252 [INFO]   GasWizard [today] 2026-05-12: 普通=187.9(+0¢)
2026-05-12 19:02:47,252 [INFO]   GasWizard 完成，写入 2 条
2026-05-12 19:02:47,253 [INFO] → 抓取 stockr.net ...
2026-05-12 19:02:51,845 [INFO]   Stockr Playwright OK: https://stockr.trustyalec.workers.dev
2026-05-12 19:02:51,853 [INFO]   Stockr: 今日无 Tomorrow 预测（正常，每天11am后发布）
2026-05-12 19:02:51,853 [INFO]   Stockr [today] 2026-05-12: 187.9¢ (+0 unchanged)
2026-05-12 19:02:51,853 [INFO]   Stockr 完成
2026-05-12 19:02:51,853 [INFO] → 抓取 toronto.citynews.ca ...
2026-05-12 19:02:51,854 [INFO]   先访问首页获取 Cloudflare cookie ...
2026-05-12 19:02:55,342 [INFO]   CityNews: 预测5.13日均价188.9 cent(s)/litre，上涨2.0¢
2026-05-12 19:02:55,343 [INFO]   CityNews 已写入: 2026-05-13 price=188.9 dir=up
2026-05-12 19:02:55,358 [INFO]   CityNews 历史: 12 条
2026-05-12 19:02:55,358 [INFO]   CityNews 完成
2026-05-12 19:02:55,360 [INFO] 完成。数据存入 /home/runner/work/gaswise/gaswise/gas_prices.csv
